// Jest Snapshot v1, https://goo.gl/fbAQLP

exports[`InterventionContainer description 1`] = `ShallowWrapper {}`;
