// Jest Snapshot v1, https://goo.gl/fbAQLP

exports[`registerContainer should  render register container without crushing  1`] = `ShallowWrapper {}`;
