// Jest Snapshot v1, https://goo.gl/fbAQLP

exports[`register component tests should render with crushing 1`] = `ShallowWrapper {}`;
